device: cpu  |  dataset: C:\Users\wb568126.WB\Downloads\DataFromTU\DCData_mendeley

[1/3] Building feature cache
  [  1] loose_foundation_no_reversal         speed=  1%  modalities=['current', 'sound_phone', 'sound_vibrometer']
  [  2] loose_foundation_no_reversal         speed=  2%  modalities=['current', 'sound_phone', 'sound_vibrometer']
*** No CODEPAGE record, no encoding_override: will use 'iso-8859-1'
  [  3] loose_foundation_no_reversal         speed=  5%  modalities=['current', 'sound_phone', 'sound_vibrometer', 'vibration']
*** No CODEPAGE record, no encoding_override: will use 'iso-8859-1'
  [  4] loose_foundation_no_reversal         speed= 10%  modalities=['current', 'sound_phone', 'sound_vibrometer', 'vibration']
*** No CODEPAGE record, no encoding_override: will use 'iso-8859-1'
  [  5] loose_foundation_no_reversal         speed= 20%  modalities=['current', 'sound_phone', 'sound_vibrometer', 'vibration']
*** No CODEPAGE record, no encoding_override: will use 'iso-8859-1'
  [  6] loose_foundation_no_reversal         speed= 30%  modalities=['current', 'sound_phone', 'sound_vibrometer', 'vibration']
*** No CODEPAGE record, no encoding_override: will use 'iso-8859-1'
  [  7] loose_foundation_no_reversal         speed= 40%  modalities=['current', 'sound_phone', 'sound_vibrometer', 'vibration']
*** No CODEPAGE record, no encoding_override: will use 'iso-8859-1'
  [  8] loose_foundation_no_reversal         speed= 50%  modalities=['current', 'sound_phone', 'sound_vibrometer', 'vibration']
*** No CODEPAGE record, no encoding_override: will use 'iso-8859-1'
  [  9] loose_foundation_no_reversal         speed= 60%  modalities=['current', 'sound_phone', 'sound_vibrometer', 'vibration']
*** No CODEPAGE record, no encoding_override: will use 'iso-8859-1'
  [ 10] loose_foundation_no_reversal         speed= 70%  modalities=['current', 'sound_phone', 'sound_vibrometer', 'vibration']
*** No CODEPAGE record, no encoding_override: will use 'iso-8859-1'
  [ 11] loose_foundation_no_reversal         speed= 80%  modalities=['current', 'sound_phone', 'sound_vibrometer', 'vibration']
*** No CODEPAGE record, no encoding_override: will use 'iso-8859-1'
  [ 12] loose_foundation_no_reversal         speed= 90%  modalities=['current', 'sound_phone', 'sound_vibrometer', 'vibration']
*** No CODEPAGE record, no encoding_override: will use 'iso-8859-1'
  [ 13] loose_foundation_no_reversal         speed=100%  modalities=['current', 'sound_phone', 'sound_vibrometer', 'vibration']
*** No CODEPAGE record, no encoding_override: will use 'iso-8859-1'
  [ 14] loose_foundation_with_reversal       speed=  1%  modalities=['current', 'sound_phone', 'sound_vibrometer', 'vibration']
*** No CODEPAGE record, no encoding_override: will use 'iso-8859-1'
  [ 15] loose_foundation_with_reversal       speed=  2%  modalities=['current', 'sound_phone', 'sound_vibrometer', 'vibration']
*** No CODEPAGE record, no encoding_override: will use 'iso-8859-1'
  [ 16] loose_foundation_with_reversal       speed=  5%  modalities=['current', 'sound_phone', 'sound_vibrometer', 'vibration']
*** No CODEPAGE record, no encoding_override: will use 'iso-8859-1'
  [ 17] loose_foundation_with_reversal       speed= 10%  modalities=['current', 'sound_phone', 'sound_vibrometer', 'vibration']
*** No CODEPAGE record, no encoding_override: will use 'iso-8859-1'
  [ 18] loose_foundation_with_reversal       speed= 20%  modalities=['current', 'sound_phone', 'sound_vibrometer', 'vibration']
*** No CODEPAGE record, no encoding_override: will use 'iso-8859-1'
  [ 19] loose_foundation_with_reversal       speed= 30%  modalities=['current', 'sound_phone', 'sound_vibrometer', 'vibration']
*** No CODEPAGE record, no encoding_override: will use 'iso-8859-1'
  [ 20] loose_foundation_with_reversal       speed= 40%  modalities=['current', 'sound_phone', 'sound_vibrometer', 'vibration']
*** No CODEPAGE record, no encoding_override: will use 'iso-8859-1'
  [ 21] loose_foundation_with_reversal       speed= 50%  modalities=['current', 'sound_phone', 'sound_vibrometer', 'vibration']
*** No CODEPAGE record, no encoding_override: will use 'iso-8859-1'
  [ 22] loose_foundation_with_reversal       speed= 60%  modalities=['current', 'sound_phone', 'sound_vibrometer', 'vibration']
*** No CODEPAGE record, no encoding_override: will use 'iso-8859-1'
  [ 23] loose_foundation_with_reversal       speed= 70%  modalities=['current', 'sound_phone', 'sound_vibrometer', 'vibration']
*** No CODEPAGE record, no encoding_override: will use 'iso-8859-1'
  [ 24] loose_foundation_with_reversal       speed= 80%  modalities=['current', 'sound_phone', 'sound_vibrometer', 'vibration']
*** No CODEPAGE record, no encoding_override: will use 'iso-8859-1'
  [ 25] loose_foundation_with_reversal       speed= 90%  modalities=['current', 'sound_phone', 'sound_vibrometer', 'vibration']
*** No CODEPAGE record, no encoding_override: will use 'iso-8859-1'
  [ 26] loose_foundation_with_reversal       speed=100%  modalities=['current', 'sound_phone', 'sound_vibrometer', 'vibration']
  [ 27] normal_no_reversal                   speed=  1%  modalities=['current', 'sound_phone', 'sound_vibrometer']
  [ 28] normal_no_reversal                   speed=  2%  modalities=['current', 'sound_phone', 'sound_vibrometer']
*** No CODEPAGE record, no encoding_override: will use 'iso-8859-1'
  [ 29] normal_no_reversal                   speed=  5%  modalities=['current', 'sound_phone', 'sound_vibrometer', 'vibration']
*** No CODEPAGE record, no encoding_override: will use 'iso-8859-1'
  [ 30] normal_no_reversal                   speed= 10%  modalities=['current', 'sound_phone', 'sound_vibrometer', 'vibration']
*** No CODEPAGE record, no encoding_override: will use 'iso-8859-1'
  [ 31] normal_no_reversal                   speed= 20%  modalities=['current', 'sound_phone', 'sound_vibrometer', 'vibration']
*** No CODEPAGE record, no encoding_override: will use 'iso-8859-1'
  [ 32] normal_no_reversal                   speed= 30%  modalities=['current', 'sound_phone', 'sound_vibrometer', 'vibration']
*** No CODEPAGE record, no encoding_override: will use 'iso-8859-1'
  [ 33] normal_no_reversal                   speed= 40%  modalities=['current', 'sound_phone', 'sound_vibrometer', 'vibration']
*** No CODEPAGE record, no encoding_override: will use 'iso-8859-1'
  [ 34] normal_no_reversal                   speed= 50%  modalities=['current', 'sound_phone', 'sound_vibrometer', 'vibration']
*** No CODEPAGE record, no encoding_override: will use 'iso-8859-1'
  [ 35] normal_no_reversal                   speed= 60%  modalities=['current', 'sound_phone', 'sound_vibrometer', 'vibration']
*** No CODEPAGE record, no encoding_override: will use 'iso-8859-1'
  [ 36] normal_no_reversal                   speed= 70%  modalities=['current', 'sound_phone', 'sound_vibrometer', 'vibration']
*** No CODEPAGE record, no encoding_override: will use 'iso-8859-1'
  [ 37] normal_no_reversal                   speed= 80%  modalities=['current', 'sound_phone', 'sound_vibrometer', 'vibration']
*** No CODEPAGE record, no encoding_override: will use 'iso-8859-1'
  [ 38] normal_no_reversal                   speed= 90%  modalities=['current', 'sound_phone', 'sound_vibrometer', 'vibration']
*** No CODEPAGE record, no encoding_override: will use 'iso-8859-1'
  [ 39] normal_no_reversal                   speed=100%  modalities=['current', 'sound_phone', 'sound_vibrometer', 'vibration']
  [ 40] normal_with_reversal                 speed=  1%  modalities=['current', 'sound_phone', 'sound_vibrometer']
*** No CODEPAGE record, no encoding_override: will use 'iso-8859-1'
  [ 41] normal_with_reversal                 speed=  2%  modalities=['current', 'sound_phone', 'sound_vibrometer', 'vibration']
*** No CODEPAGE record, no encoding_override: will use 'iso-8859-1'
  [ 42] normal_with_reversal                 speed=  5%  modalities=['current', 'sound_phone', 'sound_vibrometer', 'vibration']
*** No CODEPAGE record, no encoding_override: will use 'iso-8859-1'
  [ 43] normal_with_reversal                 speed= 10%  modalities=['current', 'sound_phone', 'sound_vibrometer', 'vibration']
*** No CODEPAGE record, no encoding_override: will use 'iso-8859-1'
  [ 44] normal_with_reversal                 speed= 20%  modalities=['current', 'sound_phone', 'sound_vibrometer', 'vibration']
*** No CODEPAGE record, no encoding_override: will use 'iso-8859-1'
  [ 45] normal_with_reversal                 speed= 30%  modalities=['current', 'sound_phone', 'sound_vibrometer', 'vibration']
*** No CODEPAGE record, no encoding_override: will use 'iso-8859-1'
  [ 46] normal_with_reversal                 speed= 40%  modalities=['current', 'sound_phone', 'sound_vibrometer', 'vibration']
*** No CODEPAGE record, no encoding_override: will use 'iso-8859-1'
  [ 47] normal_with_reversal                 speed= 50%  modalities=['current', 'sound_phone', 'sound_vibrometer', 'vibration']
*** No CODEPAGE record, no encoding_override: will use 'iso-8859-1'
  [ 48] normal_with_reversal                 speed= 60%  modalities=['current', 'sound_phone', 'sound_vibrometer', 'vibration']
*** No CODEPAGE record, no encoding_override: will use 'iso-8859-1'
  [ 49] normal_with_reversal                 speed= 70%  modalities=['current', 'sound_phone', 'sound_vibrometer', 'vibration']
*** No CODEPAGE record, no encoding_override: will use 'iso-8859-1'
  [ 50] normal_with_reversal                 speed= 80%  modalities=['current', 'sound_phone', 'sound_vibrometer', 'vibration']
*** No CODEPAGE record, no encoding_override: will use 'iso-8859-1'
  [ 51] normal_with_reversal                 speed= 90%  modalities=['current', 'sound_phone', 'sound_vibrometer', 'vibration']
*** No CODEPAGE record, no encoding_override: will use 'iso-8859-1'
  [ 52] normal_with_reversal                 speed=100%  modalities=['current', 'sound_phone', 'sound_vibrometer', 'vibration']
  [ 53] suboptimal_control_no_reversal       speed=  1%  modalities=['current', 'sound_phone', 'sound_vibrometer']
  [ 54] suboptimal_control_no_reversal       speed=  2%  modalities=['current', 'sound_phone', 'sound_vibrometer']
*** No CODEPAGE record, no encoding_override: will use 'iso-8859-1'
  [ 55] suboptimal_control_no_reversal       speed=  5%  modalities=['current', 'sound_phone', 'sound_vibrometer', 'vibration']
*** No CODEPAGE record, no encoding_override: will use 'iso-8859-1'
  [ 56] suboptimal_control_no_reversal       speed= 10%  modalities=['current', 'sound_phone', 'sound_vibrometer', 'vibration']
*** No CODEPAGE record, no encoding_override: will use 'iso-8859-1'
  [ 57] suboptimal_control_no_reversal       speed= 20%  modalities=['current', 'sound_phone', 'sound_vibrometer', 'vibration']
*** No CODEPAGE record, no encoding_override: will use 'iso-8859-1'
  [ 58] suboptimal_control_no_reversal       speed= 30%  modalities=['current', 'sound_phone', 'sound_vibrometer', 'vibration']
*** No CODEPAGE record, no encoding_override: will use 'iso-8859-1'
  [ 59] suboptimal_control_no_reversal       speed= 40%  modalities=['current', 'sound_phone', 'sound_vibrometer', 'vibration']
*** No CODEPAGE record, no encoding_override: will use 'iso-8859-1'
  [ 60] suboptimal_control_no_reversal       speed= 50%  modalities=['current', 'sound_phone', 'sound_vibrometer', 'vibration']
*** No CODEPAGE record, no encoding_override: will use 'iso-8859-1'
  [ 61] suboptimal_control_no_reversal       speed= 60%  modalities=['current', 'sound_phone', 'sound_vibrometer', 'vibration']
*** No CODEPAGE record, no encoding_override: will use 'iso-8859-1'
  [ 62] suboptimal_control_no_reversal       speed= 65%  modalities=['current', 'sound_phone', 'sound_vibrometer', 'vibration']
*** No CODEPAGE record, no encoding_override: will use 'iso-8859-1'
  [ 63] suboptimal_control_rt_no_reversal    speed=  1%  modalities=['current', 'sound_phone', 'sound_vibrometer', 'vibration']
*** No CODEPAGE record, no encoding_override: will use 'iso-8859-1'
  [ 64] suboptimal_control_rt_no_reversal    speed=  2%  modalities=['current', 'sound_phone', 'sound_vibrometer', 'vibration']
*** No CODEPAGE record, no encoding_override: will use 'iso-8859-1'
  [ 65] suboptimal_control_rt_no_reversal    speed=  5%  modalities=['current', 'sound_phone', 'sound_vibrometer', 'vibration']
*** No CODEPAGE record, no encoding_override: will use 'iso-8859-1'
  [ 66] suboptimal_control_rt_no_reversal    speed= 10%  modalities=['current', 'sound_phone', 'sound_vibrometer', 'vibration']
*** No CODEPAGE record, no encoding_override: will use 'iso-8859-1'
  [ 67] suboptimal_control_rt_no_reversal    speed= 20%  modalities=['current', 'sound_phone', 'sound_vibrometer', 'vibration']
*** No CODEPAGE record, no encoding_override: will use 'iso-8859-1'
  [ 68] suboptimal_control_rt_no_reversal    speed= 30%  modalities=['current', 'sound_phone', 'sound_vibrometer', 'vibration']
*** No CODEPAGE record, no encoding_override: will use 'iso-8859-1'
  [ 69] suboptimal_control_rt_no_reversal    speed= 40%  modalities=['current', 'sound_phone', 'sound_vibrometer', 'vibration']
*** No CODEPAGE record, no encoding_override: will use 'iso-8859-1'
  [ 70] suboptimal_control_rt_no_reversal    speed= 50%  modalities=['current', 'sound_phone', 'sound_vibrometer', 'vibration']
*** No CODEPAGE record, no encoding_override: will use 'iso-8859-1'
  [ 71] suboptimal_control_rt_no_reversal    speed= 60%  modalities=['current', 'sound_phone', 'sound_vibrometer', 'vibration']
*** No CODEPAGE record, no encoding_override: will use 'iso-8859-1'
  [ 72] suboptimal_control_rt_no_reversal    speed= 70%  modalities=['current', 'sound_phone', 'sound_vibrometer', 'vibration']
*** No CODEPAGE record, no encoding_override: will use 'iso-8859-1'
  [ 73] suboptimal_control_rt_no_reversal    speed= 80%  modalities=['current', 'sound_phone', 'sound_vibrometer', 'vibration']
*** No CODEPAGE record, no encoding_override: will use 'iso-8859-1'
  [ 74] suboptimal_control_rt_no_reversal    speed= 90%  modalities=['current', 'sound_phone', 'sound_vibrometer', 'vibration']
*** No CODEPAGE record, no encoding_override: will use 'iso-8859-1'
  [ 75] suboptimal_control_rt_no_reversal    speed=100%  modalities=['current', 'sound_phone', 'sound_vibrometer', 'vibration']
*** No CODEPAGE record, no encoding_override: will use 'iso-8859-1'
  [ 76] suboptimal_control_rt_with_reversal  speed=  1%  modalities=['current', 'sound_phone', 'sound_vibrometer', 'vibration']
*** No CODEPAGE record, no encoding_override: will use 'iso-8859-1'
  [ 77] suboptimal_control_rt_with_reversal  speed=  2%  modalities=['current', 'sound_phone', 'sound_vibrometer', 'vibration']
*** No CODEPAGE record, no encoding_override: will use 'iso-8859-1'
  [ 78] suboptimal_control_rt_with_reversal  speed=  5%  modalities=['current', 'sound_phone', 'sound_vibrometer', 'vibration']
*** No CODEPAGE record, no encoding_override: will use 'iso-8859-1'
  [ 79] suboptimal_control_rt_with_reversal  speed= 10%  modalities=['current', 'sound_phone', 'sound_vibrometer', 'vibration']
*** No CODEPAGE record, no encoding_override: will use 'iso-8859-1'
  [ 80] suboptimal_control_rt_with_reversal  speed= 20%  modalities=['current', 'sound_phone', 'sound_vibrometer', 'vibration']
*** No CODEPAGE record, no encoding_override: will use 'iso-8859-1'
  [ 81] suboptimal_control_rt_with_reversal  speed= 30%  modalities=['current', 'sound_phone', 'sound_vibrometer', 'vibration']
*** No CODEPAGE record, no encoding_override: will use 'iso-8859-1'
  [ 82] suboptimal_control_rt_with_reversal  speed= 40%  modalities=['current', 'sound_phone', 'sound_vibrometer', 'vibration']
*** No CODEPAGE record, no encoding_override: will use 'iso-8859-1'
  [ 83] suboptimal_control_rt_with_reversal  speed= 50%  modalities=['current', 'sound_phone', 'sound_vibrometer', 'vibration']
*** No CODEPAGE record, no encoding_override: will use 'iso-8859-1'
  [ 84] suboptimal_control_rt_with_reversal  speed= 60%  modalities=['current', 'sound_phone', 'sound_vibrometer', 'vibration']
*** No CODEPAGE record, no encoding_override: will use 'iso-8859-1'
  [ 85] suboptimal_control_rt_with_reversal  speed= 70%  modalities=['current', 'sound_phone', 'sound_vibrometer', 'vibration']
*** No CODEPAGE record, no encoding_override: will use 'iso-8859-1'
  [ 86] suboptimal_control_rt_with_reversal  speed= 80%  modalities=['current', 'sound_phone', 'sound_vibrometer', 'vibration']
*** No CODEPAGE record, no encoding_override: will use 'iso-8859-1'
  [ 87] suboptimal_control_rt_with_reversal  speed= 90%  modalities=['current', 'sound_phone', 'sound_vibrometer', 'vibration']
*** No CODEPAGE record, no encoding_override: will use 'iso-8859-1'
  [ 88] suboptimal_control_rt_with_reversal  speed=100%  modalities=['current', 'sound_phone', 'sound_vibrometer', 'vibration']
*** No CODEPAGE record, no encoding_override: will use 'iso-8859-1'
  [ 89] suboptimal_control_with_reversal     speed=  1%  modalities=['current', 'sound_phone', 'sound_vibrometer', 'vibration']
*** No CODEPAGE record, no encoding_override: will use 'iso-8859-1'
  [ 90] suboptimal_control_with_reversal     speed=  2%  modalities=['current', 'sound_phone', 'sound_vibrometer', 'vibration']
*** No CODEPAGE record, no encoding_override: will use 'iso-8859-1'
  [ 91] suboptimal_control_with_reversal     speed=  5%  modalities=['current', 'sound_phone', 'sound_vibrometer', 'vibration']
*** No CODEPAGE record, no encoding_override: will use 'iso-8859-1'
  [ 92] suboptimal_control_with_reversal     speed= 10%  modalities=['current', 'sound_phone', 'sound_vibrometer', 'vibration']
*** No CODEPAGE record, no encoding_override: will use 'iso-8859-1'
  [ 93] suboptimal_control_with_reversal     speed= 20%  modalities=['current', 'sound_phone', 'sound_vibrometer', 'vibration']
*** No CODEPAGE record, no encoding_override: will use 'iso-8859-1'
  [ 94] suboptimal_control_with_reversal     speed= 30%  modalities=['current', 'sound_phone', 'sound_vibrometer', 'vibration']
*** No CODEPAGE record, no encoding_override: will use 'iso-8859-1'
  [ 95] suboptimal_control_with_reversal     speed= 40%  modalities=['current', 'sound_phone', 'sound_vibrometer', 'vibration']
*** No CODEPAGE record, no encoding_override: will use 'iso-8859-1'
  [ 96] suboptimal_control_with_reversal     speed= 50%  modalities=['current', 'sound_phone', 'sound_vibrometer', 'vibration']
*** No CODEPAGE record, no encoding_override: will use 'iso-8859-1'
  [ 97] suboptimal_control_with_reversal     speed= 60%  modalities=['current', 'sound_phone', 'sound_vibrometer', 'vibration']
*** No CODEPAGE record, no encoding_override: will use 'iso-8859-1'
  [ 98] suboptimal_control_with_reversal     speed= 65%  modalities=['current', 'sound_phone', 'sound_vibrometer', 'vibration']

Cached 784 windowed samples over 98 recordings, 8 classes.
  modality coverage  sound_vibrometer   100.0 %
  modality coverage  sound_phone        100.0 %
  modality coverage  current             99.6 %
  modality coverage  vibration           92.9 %

[2/3] Training multi-modal dual-task model
  epoch   1/60  train loss 3.1883 acc 0.152   |  val loss 3.1045 acc 0.182
  epoch   5/60  train loss 2.1932 acc 0.465   |  val loss 1.8806 acc 0.273
  epoch  10/60  train loss 1.0601 acc 0.831   |  val loss 1.0378 acc 0.670
  epoch  15/60  train loss 0.6520 acc 0.956   |  val loss 1.3297 acc 0.545
  epoch  20/60  train loss 0.5296 acc 0.975   |  val loss 0.6972 acc 0.886
  epoch  25/60  train loss 0.4702 acc 0.990   |  val loss 0.8212 acc 0.716
  epoch  30/60  train loss 0.4510 acc 0.988   |  val loss 0.6634 acc 0.795
  epoch  35/60  train loss 0.4337 acc 0.979   |  val loss 0.7868 acc 0.830
  epoch  40/60  train loss 0.3921 acc 0.994   |  val loss 0.7837 acc 0.761
  epoch  45/60  train loss 0.4239 acc 0.983   |  val loss 0.8348 acc 0.682
  epoch  50/60  train loss 0.3815 acc 0.998   |  val loss 0.7556 acc 0.761
  epoch  55/60  train loss 0.3865 acc 0.992   |  val loss 0.7717 acc 0.750
  epoch  60/60  train loss 0.3785 acc 0.992   |  val loss 0.7723 acc 0.739
  best val loss 0.6634 -> pipeline_outputs\multimodal\model.pt

[3/3] Evaluating and rendering figures
  figure -> pipeline_outputs\multimodal\figures\fig_confusion_matrix.png
  figure -> pipeline_outputs\multimodal\figures\fig_speed_parity.png
  figure -> pipeline_outputs\multimodal\figures\fig_speed_residuals.png
Traceback (most recent call last):
  File "C:\Users\wb568126.WB\Downloads\DataFromTU\pipeline\multimodal_pipeline.py", line 1069, in <module>
    main()
    ~~~~^^
  File "C:\Users\wb568126.WB\Downloads\DataFromTU\pipeline\multimodal_pipeline.py", line 1065, in main
    evaluate(cache, cfg, device)
    ~~~~~~~~^^^^^^^^^^^^^^^^^^^^
  File "C:\Users\wb568126.WB\Downloads\DataFromTU\pipeline\multimodal_pipeline.py", line 999, in evaluate
    roc_auc = plot_multiclass_roc(res, cfg.class_names, cfg.fig_dir)
  File "C:\Users\wb568126.WB\Downloads\DataFromTU\pipeline\multimodal_pipeline.py", line 850, in plot_multiclass_roc
    for k in sorted(roc_auc):
             ~~~~~~^^^^^^^^^
numpy._core._exceptions._UFuncNoLoopError: ufunc 'greater' did not contain a loop with signature matching types (<class 'numpy.dtypes.Int64DType'>, <class 'numpy.dtypes.StrDType'>) -> None
