device: cpu  |  dataset: C:\Users\wb568126.WB\Downloads\DataFromTU\DCData_mendeley

[1/3] Building feature cache
  [  1] loose_foundation_no_reversal         speed=  1%  modalities=['current', 'sound_phone', 'sound_vibrometer']
  [  2] loose_foundation_no_reversal         speed=  2%  modalities=['current', 'sound_phone', 'sound_vibrometer']
*** No CODEPAGE record, no encoding_override: will use 'iso-8859-1'
  [  3] loose_foundation_no_reversal         speed=  5%  modalities=['current', 'sound_phone', 'sound_vibrometer', 'vibration']
*** No CODEPAGE record, no encoding_override: will use 'iso-8859-1'
  [  4] loose_foundation_no_reversal         speed= 10%  modalities=['current', 'sound_phone', 'sound_vibrometer', 'vibration']
*** No CODEPAGE record, no encoding_override: will use 'iso-8859-1'
  [  5] loose_foundation_no_reversal         speed= 20%  modalities=['current', 'sound_phone', 'sound_vibrometer', 'vibration']
*** No CODEPAGE record, no encoding_override: will use 'iso-8859-1'
  [  6] loose_foundation_no_reversal         speed= 30%  modalities=['current', 'sound_phone', 'sound_vibrometer', 'vibration']
*** No CODEPAGE record, no encoding_override: will use 'iso-8859-1'
  [  7] loose_foundation_no_reversal         speed= 40%  modalities=['current', 'sound_phone', 'sound_vibrometer', 'vibration']
*** No CODEPAGE record, no encoding_override: will use 'iso-8859-1'
  [  8] loose_foundation_no_reversal         speed= 50%  modalities=['current', 'sound_phone', 'sound_vibrometer', 'vibration']
*** No CODEPAGE record, no encoding_override: will use 'iso-8859-1'
  [  9] loose_foundation_no_reversal         speed= 60%  modalities=['current', 'sound_phone', 'sound_vibrometer', 'vibration']
*** No CODEPAGE record, no encoding_override: will use 'iso-8859-1'
  [ 10] loose_foundation_no_reversal         speed= 70%  modalities=['current', 'sound_phone', 'sound_vibrometer', 'vibration']
*** No CODEPAGE record, no encoding_override: will use 'iso-8859-1'
  [ 11] loose_foundation_no_reversal         speed= 80%  modalities=['current', 'sound_phone', 'sound_vibrometer', 'vibration']
*** No CODEPAGE record, no encoding_override: will use 'iso-8859-1'
  [ 12] loose_foundation_no_reversal         speed= 90%  modalities=['current', 'sound_phone', 'sound_vibrometer', 'vibration']
*** No CODEPAGE record, no encoding_override: will use 'iso-8859-1'
  [ 13] loose_foundation_no_reversal         speed=100%  modalities=['current', 'sound_phone', 'sound_vibrometer', 'vibration']
*** No CODEPAGE record, no encoding_override: will use 'iso-8859-1'
  [ 14] loose_foundation_with_reversal       speed=  1%  modalities=['current', 'sound_phone', 'sound_vibrometer', 'vibration']
*** No CODEPAGE record, no encoding_override: will use 'iso-8859-1'
  [ 15] loose_foundation_with_reversal       speed=  2%  modalities=['current', 'sound_phone', 'sound_vibrometer', 'vibration']
*** No CODEPAGE record, no encoding_override: will use 'iso-8859-1'
  [ 16] loose_foundation_with_reversal       speed=  5%  modalities=['current', 'sound_phone', 'sound_vibrometer', 'vibration']
*** No CODEPAGE record, no encoding_override: will use 'iso-8859-1'
  [ 17] loose_foundation_with_reversal       speed= 10%  modalities=['current', 'sound_phone', 'sound_vibrometer', 'vibration']
*** No CODEPAGE record, no encoding_override: will use 'iso-8859-1'
  [ 18] loose_foundation_with_reversal       speed= 20%  modalities=['current', 'sound_phone', 'sound_vibrometer', 'vibration']
*** No CODEPAGE record, no encoding_override: will use 'iso-8859-1'
  [ 19] loose_foundation_with_reversal       speed= 30%  modalities=['current', 'sound_phone', 'sound_vibrometer', 'vibration']
*** No CODEPAGE record, no encoding_override: will use 'iso-8859-1'
  [ 20] loose_foundation_with_reversal       speed= 40%  modalities=['current', 'sound_phone', 'sound_vibrometer', 'vibration']
*** No CODEPAGE record, no encoding_override: will use 'iso-8859-1'
  [ 21] loose_foundation_with_reversal       speed= 50%  modalities=['current', 'sound_phone', 'sound_vibrometer', 'vibration']
*** No CODEPAGE record, no encoding_override: will use 'iso-8859-1'
  [ 22] loose_foundation_with_reversal       speed= 60%  modalities=['current', 'sound_phone', 'sound_vibrometer', 'vibration']
*** No CODEPAGE record, no encoding_override: will use 'iso-8859-1'
  [ 23] loose_foundation_with_reversal       speed= 70%  modalities=['current', 'sound_phone', 'sound_vibrometer', 'vibration']
*** No CODEPAGE record, no encoding_override: will use 'iso-8859-1'
  [ 24] loose_foundation_with_reversal       speed= 80%  modalities=['current', 'sound_phone', 'sound_vibrometer', 'vibration']
*** No CODEPAGE record, no encoding_override: will use 'iso-8859-1'
  [ 25] loose_foundation_with_reversal       speed= 90%  modalities=['current', 'sound_phone', 'sound_vibrometer', 'vibration']
*** No CODEPAGE record, no encoding_override: will use 'iso-8859-1'
  [ 26] loose_foundation_with_reversal       speed=100%  modalities=['current', 'sound_phone', 'sound_vibrometer', 'vibration']
  [ 27] normal_no_reversal                   speed=  1%  modalities=['current', 'sound_phone', 'sound_vibrometer']
  [ 28] normal_no_reversal                   speed=  2%  modalities=['current', 'sound_phone', 'sound_vibrometer']
*** No CODEPAGE record, no encoding_override: will use 'iso-8859-1'
  [ 29] normal_no_reversal                   speed=  5%  modalities=['current', 'sound_phone', 'sound_vibrometer', 'vibration']
*** No CODEPAGE record, no encoding_override: will use 'iso-8859-1'
  [ 30] normal_no_reversal                   speed= 10%  modalities=['current', 'sound_phone', 'sound_vibrometer', 'vibration']
*** No CODEPAGE record, no encoding_override: will use 'iso-8859-1'
  [ 31] normal_no_reversal                   speed= 20%  modalities=['current', 'sound_phone', 'sound_vibrometer', 'vibration']
*** No CODEPAGE record, no encoding_override: will use 'iso-8859-1'
  [ 32] normal_no_reversal                   speed= 30%  modalities=['current', 'sound_phone', 'sound_vibrometer', 'vibration']
*** No CODEPAGE record, no encoding_override: will use 'iso-8859-1'
  [ 33] normal_no_reversal                   speed= 40%  modalities=['current', 'sound_phone', 'sound_vibrometer', 'vibration']
*** No CODEPAGE record, no encoding_override: will use 'iso-8859-1'
  [ 34] normal_no_reversal                   speed= 50%  modalities=['current', 'sound_phone', 'sound_vibrometer', 'vibration']
*** No CODEPAGE record, no encoding_override: will use 'iso-8859-1'
  [ 35] normal_no_reversal                   speed= 60%  modalities=['current', 'sound_phone', 'sound_vibrometer', 'vibration']
*** No CODEPAGE record, no encoding_override: will use 'iso-8859-1'
  [ 36] normal_no_reversal                   speed= 70%  modalities=['current', 'sound_phone', 'sound_vibrometer', 'vibration']
*** No CODEPAGE record, no encoding_override: will use 'iso-8859-1'
  [ 37] normal_no_reversal                   speed= 80%  modalities=['current', 'sound_phone', 'sound_vibrometer', 'vibration']
*** No CODEPAGE record, no encoding_override: will use 'iso-8859-1'
  [ 38] normal_no_reversal                   speed= 90%  modalities=['current', 'sound_phone', 'sound_vibrometer', 'vibration']
*** No CODEPAGE record, no encoding_override: will use 'iso-8859-1'
  [ 39] normal_no_reversal                   speed=100%  modalities=['current', 'sound_phone', 'sound_vibrometer', 'vibration']
  [ 40] normal_with_reversal                 speed=  1%  modalities=['current', 'sound_phone', 'sound_vibrometer']
*** No CODEPAGE record, no encoding_override: will use 'iso-8859-1'
  [ 41] normal_with_reversal                 speed=  2%  modalities=['current', 'sound_phone', 'sound_vibrometer', 'vibration']
*** No CODEPAGE record, no encoding_override: will use 'iso-8859-1'
  [ 42] normal_with_reversal                 speed=  5%  modalities=['current', 'sound_phone', 'sound_vibrometer', 'vibration']
*** No CODEPAGE record, no encoding_override: will use 'iso-8859-1'
  [ 43] normal_with_reversal                 speed= 10%  modalities=['current', 'sound_phone', 'sound_vibrometer', 'vibration']
*** No CODEPAGE record, no encoding_override: will use 'iso-8859-1'
  [ 44] normal_with_reversal                 speed= 20%  modalities=['current', 'sound_phone', 'sound_vibrometer', 'vibration']
*** No CODEPAGE record, no encoding_override: will use 'iso-8859-1'
  [ 45] normal_with_reversal                 speed= 30%  modalities=['current', 'sound_phone', 'sound_vibrometer', 'vibration']
*** No CODEPAGE record, no encoding_override: will use 'iso-8859-1'
  [ 46] normal_with_reversal                 speed= 40%  modalities=['current', 'sound_phone', 'sound_vibrometer', 'vibration']
*** No CODEPAGE record, no encoding_override: will use 'iso-8859-1'
  [ 47] normal_with_reversal                 speed= 50%  modalities=['current', 'sound_phone', 'sound_vibrometer', 'vibration']
*** No CODEPAGE record, no encoding_override: will use 'iso-8859-1'
  [ 48] normal_with_reversal                 speed= 60%  modalities=['current', 'sound_phone', 'sound_vibrometer', 'vibration']
*** No CODEPAGE record, no encoding_override: will use 'iso-8859-1'
  [ 49] normal_with_reversal                 speed= 70%  modalities=['current', 'sound_phone', 'sound_vibrometer', 'vibration']
*** No CODEPAGE record, no encoding_override: will use 'iso-8859-1'
  [ 50] normal_with_reversal                 speed= 80%  modalities=['current', 'sound_phone', 'sound_vibrometer', 'vibration']
*** No CODEPAGE record, no encoding_override: will use 'iso-8859-1'
  [ 51] normal_with_reversal                 speed= 90%  modalities=['current', 'sound_phone', 'sound_vibrometer', 'vibration']
*** No CODEPAGE record, no encoding_override: will use 'iso-8859-1'
  [ 52] normal_with_reversal                 speed=100%  modalities=['current', 'sound_phone', 'sound_vibrometer', 'vibration']
  [ 53] suboptimal_control_no_reversal       speed=  1%  modalities=['current', 'sound_phone', 'sound_vibrometer']
  [ 54] suboptimal_control_no_reversal       speed=  2%  modalities=['current', 'sound_phone', 'sound_vibrometer']
*** No CODEPAGE record, no encoding_override: will use 'iso-8859-1'
  [ 55] suboptimal_control_no_reversal       speed=  5%  modalities=['current', 'sound_phone', 'sound_vibrometer', 'vibration']
*** No CODEPAGE record, no encoding_override: will use 'iso-8859-1'
  [ 56] suboptimal_control_no_reversal       speed= 10%  modalities=['current', 'sound_phone', 'sound_vibrometer', 'vibration']
*** No CODEPAGE record, no encoding_override: will use 'iso-8859-1'
  [ 57] suboptimal_control_no_reversal       speed= 20%  modalities=['current', 'sound_phone', 'sound_vibrometer', 'vibration']
*** No CODEPAGE record, no encoding_override: will use 'iso-8859-1'
  [ 58] suboptimal_control_no_reversal       speed= 30%  modalities=['current', 'sound_phone', 'sound_vibrometer', 'vibration']
*** No CODEPAGE record, no encoding_override: will use 'iso-8859-1'
  [ 59] suboptimal_control_no_reversal       speed= 40%  modalities=['current', 'sound_phone', 'sound_vibrometer', 'vibration']
*** No CODEPAGE record, no encoding_override: will use 'iso-8859-1'
  [ 60] suboptimal_control_no_reversal       speed= 50%  modalities=['current', 'sound_phone', 'sound_vibrometer', 'vibration']
*** No CODEPAGE record, no encoding_override: will use 'iso-8859-1'
  [ 61] suboptimal_control_no_reversal       speed= 60%  modalities=['current', 'sound_phone', 'sound_vibrometer', 'vibration']
*** No CODEPAGE record, no encoding_override: will use 'iso-8859-1'
  [ 62] suboptimal_control_no_reversal       speed= 65%  modalities=['current', 'sound_phone', 'sound_vibrometer', 'vibration']
*** No CODEPAGE record, no encoding_override: will use 'iso-8859-1'
  [ 63] suboptimal_control_rt_no_reversal    speed=  1%  modalities=['current', 'sound_phone', 'sound_vibrometer', 'vibration']
*** No CODEPAGE record, no encoding_override: will use 'iso-8859-1'
  [ 64] suboptimal_control_rt_no_reversal    speed=  2%  modalities=['current', 'sound_phone', 'sound_vibrometer', 'vibration']
*** No CODEPAGE record, no encoding_override: will use 'iso-8859-1'
  [ 65] suboptimal_control_rt_no_reversal    speed=  5%  modalities=['current', 'sound_phone', 'sound_vibrometer', 'vibration']
*** No CODEPAGE record, no encoding_override: will use 'iso-8859-1'
  [ 66] suboptimal_control_rt_no_reversal    speed= 10%  modalities=['current', 'sound_phone', 'sound_vibrometer', 'vibration']
*** No CODEPAGE record, no encoding_override: will use 'iso-8859-1'
  [ 67] suboptimal_control_rt_no_reversal    speed= 20%  modalities=['current', 'sound_phone', 'sound_vibrometer', 'vibration']
*** No CODEPAGE record, no encoding_override: will use 'iso-8859-1'
  [ 68] suboptimal_control_rt_no_reversal    speed= 30%  modalities=['current', 'sound_phone', 'sound_vibrometer', 'vibration']
*** No CODEPAGE record, no encoding_override: will use 'iso-8859-1'
  [ 69] suboptimal_control_rt_no_reversal    speed= 40%  modalities=['current', 'sound_phone', 'sound_vibrometer', 'vibration']
*** No CODEPAGE record, no encoding_override: will use 'iso-8859-1'
  [ 70] suboptimal_control_rt_no_reversal    speed= 50%  modalities=['current', 'sound_phone', 'sound_vibrometer', 'vibration']
*** No CODEPAGE record, no encoding_override: will use 'iso-8859-1'
  [ 71] suboptimal_control_rt_no_reversal    speed= 60%  modalities=['current', 'sound_phone', 'sound_vibrometer', 'vibration']
*** No CODEPAGE record, no encoding_override: will use 'iso-8859-1'
  [ 72] suboptimal_control_rt_no_reversal    speed= 70%  modalities=['current', 'sound_phone', 'sound_vibrometer', 'vibration']
*** No CODEPAGE record, no encoding_override: will use 'iso-8859-1'
  [ 73] suboptimal_control_rt_no_reversal    speed= 80%  modalities=['current', 'sound_phone', 'sound_vibrometer', 'vibration']
*** No CODEPAGE record, no encoding_override: will use 'iso-8859-1'
  [ 74] suboptimal_control_rt_no_reversal    speed= 90%  modalities=['current', 'sound_phone', 'sound_vibrometer', 'vibration']
*** No CODEPAGE record, no encoding_override: will use 'iso-8859-1'
  [ 75] suboptimal_control_rt_no_reversal    speed=100%  modalities=['current', 'sound_phone', 'sound_vibrometer', 'vibration']
*** No CODEPAGE record, no encoding_override: will use 'iso-8859-1'
  [ 76] suboptimal_control_rt_with_reversal  speed=  1%  modalities=['current', 'sound_phone', 'sound_vibrometer', 'vibration']
*** No CODEPAGE record, no encoding_override: will use 'iso-8859-1'
  [ 77] suboptimal_control_rt_with_reversal  speed=  2%  modalities=['current', 'sound_phone', 'sound_vibrometer', 'vibration']
*** No CODEPAGE record, no encoding_override: will use 'iso-8859-1'
  [ 78] suboptimal_control_rt_with_reversal  speed=  5%  modalities=['current', 'sound_phone', 'sound_vibrometer', 'vibration']
*** No CODEPAGE record, no encoding_override: will use 'iso-8859-1'
  [ 79] suboptimal_control_rt_with_reversal  speed= 10%  modalities=['current', 'sound_phone', 'sound_vibrometer', 'vibration']
*** No CODEPAGE record, no encoding_override: will use 'iso-8859-1'
  [ 80] suboptimal_control_rt_with_reversal  speed= 20%  modalities=['current', 'sound_phone', 'sound_vibrometer', 'vibration']
*** No CODEPAGE record, no encoding_override: will use 'iso-8859-1'
  [ 81] suboptimal_control_rt_with_reversal  speed= 30%  modalities=['current', 'sound_phone', 'sound_vibrometer', 'vibration']
*** No CODEPAGE record, no encoding_override: will use 'iso-8859-1'
  [ 82] suboptimal_control_rt_with_reversal  speed= 40%  modalities=['current', 'sound_phone', 'sound_vibrometer', 'vibration']
*** No CODEPAGE record, no encoding_override: will use 'iso-8859-1'
  [ 83] suboptimal_control_rt_with_reversal  speed= 50%  modalities=['current', 'sound_phone', 'sound_vibrometer', 'vibration']
*** No CODEPAGE record, no encoding_override: will use 'iso-8859-1'
  [ 84] suboptimal_control_rt_with_reversal  speed= 60%  modalities=['current', 'sound_phone', 'sound_vibrometer', 'vibration']
*** No CODEPAGE record, no encoding_override: will use 'iso-8859-1'
  [ 85] suboptimal_control_rt_with_reversal  speed= 70%  modalities=['current', 'sound_phone', 'sound_vibrometer', 'vibration']
*** No CODEPAGE record, no encoding_override: will use 'iso-8859-1'
  [ 86] suboptimal_control_rt_with_reversal  speed= 80%  modalities=['current', 'sound_phone', 'sound_vibrometer', 'vibration']
*** No CODEPAGE record, no encoding_override: will use 'iso-8859-1'
  [ 87] suboptimal_control_rt_with_reversal  speed= 90%  modalities=['current', 'sound_phone', 'sound_vibrometer', 'vibration']
*** No CODEPAGE record, no encoding_override: will use 'iso-8859-1'
  [ 88] suboptimal_control_rt_with_reversal  speed=100%  modalities=['current', 'sound_phone', 'sound_vibrometer', 'vibration']
*** No CODEPAGE record, no encoding_override: will use 'iso-8859-1'
  [ 89] suboptimal_control_with_reversal     speed=  1%  modalities=['current', 'sound_phone', 'sound_vibrometer', 'vibration']
*** No CODEPAGE record, no encoding_override: will use 'iso-8859-1'
  [ 90] suboptimal_control_with_reversal     speed=  2%  modalities=['current', 'sound_phone', 'sound_vibrometer', 'vibration']
*** No CODEPAGE record, no encoding_override: will use 'iso-8859-1'
  [ 91] suboptimal_control_with_reversal     speed=  5%  modalities=['current', 'sound_phone', 'sound_vibrometer', 'vibration']
*** No CODEPAGE record, no encoding_override: will use 'iso-8859-1'
  [ 92] suboptimal_control_with_reversal     speed= 10%  modalities=['current', 'sound_phone', 'sound_vibrometer', 'vibration']
*** No CODEPAGE record, no encoding_override: will use 'iso-8859-1'
  [ 93] suboptimal_control_with_reversal     speed= 20%  modalities=['current', 'sound_phone', 'sound_vibrometer', 'vibration']
*** No CODEPAGE record, no encoding_override: will use 'iso-8859-1'
  [ 94] suboptimal_control_with_reversal     speed= 30%  modalities=['current', 'sound_phone', 'sound_vibrometer', 'vibration']
*** No CODEPAGE record, no encoding_override: will use 'iso-8859-1'
  [ 95] suboptimal_control_with_reversal     speed= 40%  modalities=['current', 'sound_phone', 'sound_vibrometer', 'vibration']
*** No CODEPAGE record, no encoding_override: will use 'iso-8859-1'
  [ 96] suboptimal_control_with_reversal     speed= 50%  modalities=['current', 'sound_phone', 'sound_vibrometer', 'vibration']
*** No CODEPAGE record, no encoding_override: will use 'iso-8859-1'
  [ 97] suboptimal_control_with_reversal     speed= 60%  modalities=['current', 'sound_phone', 'sound_vibrometer', 'vibration']
*** No CODEPAGE record, no encoding_override: will use 'iso-8859-1'
  [ 98] suboptimal_control_with_reversal     speed= 65%  modalities=['current', 'sound_phone', 'sound_vibrometer', 'vibration']

98 file(s) could not be read -> treated as missing modalities (see pipeline_outputs\multimodal\load_failures.csv)

Cached 784 windowed samples over 98 recordings, 8 classes.
  modality coverage  sound_vibrometer   100.0 %
  modality coverage  sound_phone          0.0 %
  modality coverage  current             99.6 %
  modality coverage  vibration           92.9 %
